[1m[31merror[39m[0m: expected expression, found LBrace
  [1m[34m-->[39m[0m tests/i18n/matematicas/http.zy:17:34
[1m[34m  17[39m[0m [34m|[39m
[1m[34m  17[39m[0m [34m|[39m         resultado = <\ curl "-s" {url} \>
[34m     |[39m [1m[31m                                 ^[39m[0m
[1m[31merror[39m[0m: expected assignment operator (=, +=, -=, *=, /=, %=, ^=, ++, --)
  [1m[34m-->[39m[0m tests/i18n/matematicas/http.zy:17:38
[1m[34m  17[39m[0m [34m|[39m
[1m[34m  17[39m[0m [34m|[39m         resultado = <\ curl "-s" {url} \>
[34m     |[39m [1m[31m                                     ^[39m[0m
  [1m[32mhelp:[39m[0m use '=' to assign a value to a variable
[1m[31merror[39m[0m: unexpected token: BashClose
  [1m[34m-->[39m[0m tests/i18n/matematicas/http.zy:17:40
[1m[34m  17[39m[0m [34m|[39m
[1m[34m  17[39m[0m [34m|[39m         resultado = <\ curl "-s" {url} \>
[34m     |[39m [1m[31m                                       ^^[39m[0m
  [1m[32mhelp:[39m[0m expected statement (>>, <<, ?, ??, @, @!, @>, !?, <~, ¶, \\, or identifier)
[1m[31merror[39m[0m: expected expression, found LBrace
  [1m[34m-->[39m[0m tests/i18n/matematicas/http.zy:23:51
[1m[34m  23[39m[0m [34m|[39m
[1m[34m  23[39m[0m [34m|[39m         resultado = <\ curl "-s" "-X" "POST" "-d" {data} {url} \>
[34m     |[39m [1m[31m                                                  ^[39m[0m
[1m[31merror[39m[0m: expected assignment operator (=, +=, -=, *=, /=, %=, ^=, ++, --)
  [1m[34m-->[39m[0m tests/i18n/matematicas/http.zy:23:56
[1m[34m  23[39m[0m [34m|[39m
[1m[34m  23[39m[0m [34m|[39m         resultado = <\ curl "-s" "-X" "POST" "-d" {data} {url} \>
[34m     |[39m [1m[31m                                                       ^[39m[0m
  [1m[32mhelp:[39m[0m use '=' to assign a value to a variable
[1m[31merror[39m[0m: unexpected token: LBrace
  [1m[34m-->[39m[0m tests/i18n/matematicas/http.zy:23:58
[1m[34m  23[39m[0m [34m|[39m
[1m[34m  23[39m[0m [34m|[39m         resultado = <\ curl "-s" "-X" "POST" "-d" {data} {url} \>
[34m     |[39m [1m[31m                                                         ^[39m[0m
  [1m[32mhelp:[39m[0m expected statement (>>, <<, ?, ??, @, @!, @>, !?, <~, ¶, \\, or identifier)
[1m[31merror[39m[0m: expected assignment operator (=, +=, -=, *=, /=, %=, ^=, ++, --)
  [1m[34m-->[39m[0m tests/i18n/matematicas/http.zy:23:62
[1m[34m  23[39m[0m [34m|[39m
[1m[34m  23[39m[0m [34m|[39m         resultado = <\ curl "-s" "-X" "POST" "-d" {data} {url} \>
[34m     |[39m [1m[31m                                                             ^[39m[0m
  [1m[32mhelp:[39m[0m use '=' to assign a value to a variable
[1m[31merror[39m[0m: unexpected token: BashClose
  [1m[34m-->[39m[0m tests/i18n/matematicas/http.zy:23:64
[1m[34m  23[39m[0m [34m|[39m
[1m[34m  23[39m[0m [34m|[39m         resultado = <\ curl "-s" "-X" "POST" "-d" {data} {url} \>
[34m     |[39m [1m[31m                                                               ^^[39m[0m
  [1m[32mhelp:[39m[0m expected statement (>>, <<, ?, ??, @, @!, @>, !?, <~, ¶, \\, or identifier)
[1m[31merror[39m[0m: expected expression, found LBrace
  [1m[34m-->[39m[0m tests/i18n/matematicas/http.zy:29:71
[1m[34m  29[39m[0m [34m|[39m
[1m[34m  29[39m[0m [34m|[39m         resultado = <\ curl "-s" "-L" "-H" "Accept: application/json" {url} \>
[34m     |[39m [1m[31m                                                                      ^[39m[0m
[1m[31merror[39m[0m: expected assignment operator (=, +=, -=, *=, /=, %=, ^=, ++, --)
  [1m[34m-->[39m[0m tests/i18n/matematicas/http.zy:29:75
[1m[34m  29[39m[0m [34m|[39m
[1m[34m  29[39m[0m [34m|[39m         resultado = <\ curl "-s" "-L" "-H" "Accept: application/json" {url} \>
[34m     |[39m [1m[31m                                                                          ^[39m[0m
  [1m[32mhelp:[39m[0m use '=' to assign a value to a variable
[1m[31merror[39m[0m: unexpected token: BashClose
  [1m[34m-->[39m[0m tests/i18n/matematicas/http.zy:29:77
[1m[34m  29[39m[0m [34m|[39m
[1m[34m  29[39m[0m [34m|[39m         resultado = <\ curl "-s" "-L" "-H" "Accept: application/json" {url} \>
[34m     |[39m [1m[31m                                                                            ^^[39m[0m
  [1m[32mhelp:[39m[0m expected statement (>>, <<, ?, ??, @, @!, @>, !?, <~, ¶, \\, or identifier)
[1m[31merror[39m[0m: expected expression, found LBrace
  [1m[34m-->[39m[0m tests/i18n/matematicas/http.zy:35:89
[1m[34m  35[39m[0m [34m|[39m
[1m[34m  35[39m[0m [34m|[39m         resultado = <\ curl "-s" "-X" "POST" "-H" "Content-Type: application/json" "-d" {json_data} {url} \>
[34m     |[39m [1m[31m                                                                                        ^[39m[0m
[1m[31merror[39m[0m: expected assignment operator (=, +=, -=, *=, /=, %=, ^=, ++, --)
  [1m[34m-->[39m[0m tests/i18n/matematicas/http.zy:35:99
[1m[34m  35[39m[0m [34m|[39m
[1m[34m  35[39m[0m [34m|[39m         resultado = <\ curl "-s" "-X" "POST" "-H" "Content-Type: application/json" "-d" {json_data} {url} \>
[34m     |[39m [1m[31m                                                                                                  ^[39m[0m
  [1m[32mhelp:[39m[0m use '=' to assign a value to a variable
[1m[31merror[39m[0m: unexpected token: LBrace
  [1m[34m-->[39m[0m tests/i18n/matematicas/http.zy:35:101
[1m[34m  35[39m[0m [34m|[39m
[1m[34m  35[39m[0m [34m|[39m         resultado = <\ curl "-s" "-X" "POST" "-H" "Content-Type: application/json" "-d" {json_data} {url} \>
[34m     |[39m [1m[31m                                                                                                    ^[39m[0m
  [1m[32mhelp:[39m[0m expected statement (>>, <<, ?, ??, @, @!, @>, !?, <~, ¶, \\, or identifier)
[1m[31merror[39m[0m: expected assignment operator (=, +=, -=, *=, /=, %=, ^=, ++, --)
  [1m[34m-->[39m[0m tests/i18n/matematicas/http.zy:35:105
[1m[34m  35[39m[0m [34m|[39m
[1m[34m  35[39m[0m [34m|[39m         resultado = <\ curl "-s" "-X" "POST" "-H" "Content-Type: application/json" "-d" {json_data} {url} \>
[34m     |[39m [1m[31m                                                                                                        ^[39m[0m
  [1m[32mhelp:[39m[0m use '=' to assign a value to a variable
[1m[31merror[39m[0m: unexpected token: BashClose
  [1m[34m-->[39m[0m tests/i18n/matematicas/http.zy:35:107
[1m[34m  35[39m[0m [34m|[39m
[1m[34m  35[39m[0m [34m|[39m         resultado = <\ curl "-s" "-X" "POST" "-H" "Content-Type: application/json" "-d" {json_data} {url} \>
[34m     |[39m [1m[31m                                                                                                          ^^[39m[0m
  [1m[32mhelp:[39m[0m expected statement (>>, <<, ?, ??, @, @!, @>, !?, <~, ¶, \\, or identifier)
[1m[31merror[39m[0m: expected expression, found LBrace
  [1m[34m-->[39m[0m tests/i18n/matematicas/http.zy:41:39
[1m[34m  41[39m[0m [34m|[39m
[1m[34m  41[39m[0m [34m|[39m         resultado = <\ curl "-s" "-o" {output_file} {url} \>
[34m     |[39m [1m[31m                                      ^[39m[0m
[1m[31merror[39m[0m: expected assignment operator (=, +=, -=, *=, /=, %=, ^=, ++, --)
  [1m[34m-->[39m[0m tests/i18n/matematicas/http.zy:41:51
[1m[34m  41[39m[0m [34m|[39m
[1m[34m  41[39m[0m [34m|[39m         resultado = <\ curl "-s" "-o" {output_file} {url} \>
[34m     |[39m [1m[31m                                                  ^[39m[0m
  [1m[32mhelp:[39m[0m use '=' to assign a value to a variable
[1m[31merror[39m[0m: unexpected token: LBrace
  [1m[34m-->[39m[0m tests/i18n/matematicas/http.zy:41:53
[1m[34m  41[39m[0m [34m|[39m
[1m[34m  41[39m[0m [34m|[39m         resultado = <\ curl "-s" "-o" {output_file} {url} \>
[34m     |[39m [1m[31m                                                    ^[39m[0m
  [1m[32mhelp:[39m[0m expected statement (>>, <<, ?, ??, @, @!, @>, !?, <~, ¶, \\, or identifier)
[1m[31merror[39m[0m: expected assignment operator (=, +=, -=, *=, /=, %=, ^=, ++, --)
  [1m[34m-->[39m[0m tests/i18n/matematicas/http.zy:41:57
[1m[34m  41[39m[0m [34m|[39m
[1m[34m  41[39m[0m [34m|[39m         resultado = <\ curl "-s" "-o" {output_file} {url} \>
[34m     |[39m [1m[31m                                                        ^[39m[0m
  [1m[32mhelp:[39m[0m use '=' to assign a value to a variable
[1m[31merror[39m[0m: unexpected token: BashClose
  [1m[34m-->[39m[0m tests/i18n/matematicas/http.zy:41:59
[1m[34m  41[39m[0m [34m|[39m
[1m[34m  41[39m[0m [34m|[39m         resultado = <\ curl "-s" "-o" {output_file} {url} \>
[34m     |[39m [1m[31m                                                          ^^[39m[0m
  [1m[32mhelp:[39m[0m expected statement (>>, <<, ?, ??, @, @!, @>, !?, <~, ¶, \\, or identifier)
[1m[31merror[39m[0m: expected expression, found LBrace
  [1m[34m-->[39m[0m tests/i18n/matematicas/http.zy:47:71
[1m[34m  47[39m[0m [34m|[39m
[1m[34m  47[39m[0m [34m|[39m         resultado = <\ curl "-s" "-o" "/dev/null" "-w" "%{http_code}" {url} \>
[34m     |[39m [1m[31m                                                                      ^[39m[0m
[1m[31merror[39m[0m: expected assignment operator (=, +=, -=, *=, /=, %=, ^=, ++, --)
  [1m[34m-->[39m[0m tests/i18n/matematicas/http.zy:47:75
[1m[34m  47[39m[0m [34m|[39m
[1m[34m  47[39m[0m [34m|[39m         resultado = <\ curl "-s" "-o" "/dev/null" "-w" "%{http_code}" {url} \>
[34m     |[39m [1m[31m                                                                          ^[39m[0m
  [1m[32mhelp:[39m[0m use '=' to assign a value to a variable
[1m[31merror[39m[0m: unexpected token: BashClose
  [1m[34m-->[39m[0m tests/i18n/matematicas/http.zy:47:77
[1m[34m  47[39m[0m [34m|[39m
[1m[34m  47[39m[0m [34m|[39m         resultado = <\ curl "-s" "-o" "/dev/null" "-w" "%{http_code}" {url} \>
[34m     |[39m [1m[31m                                                                            ^^[39m[0m
  [1m[32mhelp:[39m[0m expected statement (>>, <<, ?, ??, @, @!, @>, !?, <~, ¶, \\, or identifier)
[1m[31merror[39m[0m: expected expression, found LBrace
  [1m[34m-->[39m[0m tests/i18n/matematicas/http.zy:53:39
[1m[34m  53[39m[0m [34m|[39m
[1m[34m  53[39m[0m [34m|[39m         resultado = <\ curl "-s" "-I" {url} \>
[34m     |[39m [1m[31m                                      ^[39m[0m
[1m[31merror[39m[0m: expected assignment operator (=, +=, -=, *=, /=, %=, ^=, ++, --)
  [1m[34m-->[39m[0m tests/i18n/matematicas/http.zy:53:43
[1m[34m  53[39m[0m [34m|[39m
[1m[34m  53[39m[0m [34m|[39m         resultado = <\ curl "-s" "-I" {url} \>
[34m     |[39m [1m[31m                                          ^[39m[0m
  [1m[32mhelp:[39m[0m use '=' to assign a value to a variable
[1m[31merror[39m[0m: unexpected token: BashClose
  [1m[34m-->[39m[0m tests/i18n/matematicas/http.zy:53:45
[1m[34m  53[39m[0m [34m|[39m
[1m[34m  53[39m[0m [34m|[39m         resultado = <\ curl "-s" "-I" {url} \>
[34m     |[39m [1m[31m                                            ^^[39m[0m
  [1m[32mhelp:[39m[0m expected statement (>>, <<, ?, ??, @, @!, @>, !?, <~, ¶, \\, or identifier)
