[1m[31merror[39m[0m: expected expression, found Dot
  [1m[34m-->[39m[0m /home/rakzo/github/zymbol-lang/interpreter/tests/i18n/test_integration_all.zy:41:16
[1m[34m  41[39m[0m [34m|[39m
[1m[34m  41[39m[0m [34m|[39m count = <\ ls *.zy | wc -l \>
[1m[31merror[39m[0m: expected assignment operator (=, +=, -=, *=, /=, %=, ^=, ++, --)
  [1m[34m-->[39m[0m /home/rakzo/github/zymbol-lang/interpreter/tests/i18n/test_integration_all.zy:41:20
[1m[34m  41[39m[0m [34m|[39m
[1m[34m  41[39m[0m [34m|[39m count = <\ ls *.zy | wc -l \>
  [1m[32mhelp:[39m[0m use '=' to assign a value to a variable
[1m[31merror[39m[0m: expected assignment operator (=, +=, -=, *=, /=, %=, ^=, ++, --)
  [1m[34m-->[39m[0m /home/rakzo/github/zymbol-lang/interpreter/tests/i18n/test_integration_all.zy:41:25
[1m[34m  41[39m[0m [34m|[39m
[1m[34m  41[39m[0m [34m|[39m count = <\ ls *.zy | wc -l \>
  [1m[32mhelp:[39m[0m use '=' to assign a value to a variable
[1m[31merror[39m[0m: expected assignment operator (=, +=, -=, *=, /=, %=, ^=, ++, --)
  [1m[34m-->[39m[0m /home/rakzo/github/zymbol-lang/interpreter/tests/i18n/test_integration_all.zy:41:28
[1m[34m  41[39m[0m [34m|[39m
[1m[34m  41[39m[0m [34m|[39m count = <\ ls *.zy | wc -l \>
  [1m[32mhelp:[39m[0m use '=' to assign a value to a variable
