[1m[31merror[39m[0m: expected expression, found LBrace
  [1m[34m-->[39m[0m tests/i18n/test_database.zy:49:20
[1m[34m  49[39m[0m [34m|[39m
[1m[34m  49[39m[0m [34m|[39m total = <\ sqlite3 {database} "SELECT COUNT(*) FROM usuarios;" \>
[34m     |[39m [1m[31m                   ^[39m[0m
[1m[31merror[39m[0m: expected assignment operator (=, +=, -=, *=, /=, %=, ^=, ++, --)
  [1m[34m-->[39m[0m tests/i18n/test_database.zy:49:29
[1m[34m  49[39m[0m [34m|[39m
[1m[34m  49[39m[0m [34m|[39m total = <\ sqlite3 {database} "SELECT COUNT(*) FROM usuarios;" \>
[34m     |[39m [1m[31m                            ^[39m[0m
  [1m[32mhelp:[39m[0m use '=' to assign a value to a variable
[1m[31merror[39m[0m: unexpected token: String("SELECT COUNT(*) FROM usuarios;")
  [1m[34m-->[39m[0m tests/i18n/test_database.zy:49:31
[1m[34m  49[39m[0m [34m|[39m
[1m[34m  49[39m[0m [34m|[39m total = <\ sqlite3 {database} "SELECT COUNT(*) FROM usuarios;" \>
[34m     |[39m [1m[31m                              ^^^^^^^^^^^^^^^^^^^^^^^^^^^^^^^^[39m[0m
  [1m[32mhelp:[39m[0m expected statement (>>, <<, ?, ??, @, @!, @>, !?, <~, ¶, \\, or identifier)
[1m[31merror[39m[0m: unexpected token: BashClose
  [1m[34m-->[39m[0m tests/i18n/test_database.zy:49:64
[1m[34m  49[39m[0m [34m|[39m
[1m[34m  49[39m[0m [34m|[39m total = <\ sqlite3 {database} "SELECT COUNT(*) FROM usuarios;" \>
[34m     |[39m [1m[31m                                                               ^^[39m[0m
  [1m[32mhelp:[39m[0m expected statement (>>, <<, ?, ??, @, @!, @>, !?, <~, ¶, \\, or identifier)
[1m[31merror[39m[0m: expected expression, found LBrace
  [1m[34m-->[39m[0m tests/i18n/test_database.zy:52:22
[1m[34m  52[39m[0m [34m|[39m
[1m[34m  52[39m[0m [34m|[39m mayores = <\ sqlite3 {database} "SELECT nombre, edad FROM usuarios WHERE edad > 25;" \>
[34m     |[39m [1m[31m                     ^[39m[0m
[1m[31merror[39m[0m: expected assignment operator (=, +=, -=, *=, /=, %=, ^=, ++, --)
  [1m[34m-->[39m[0m tests/i18n/test_database.zy:52:31
[1m[34m  52[39m[0m [34m|[39m
[1m[34m  52[39m[0m [34m|[39m mayores = <\ sqlite3 {database} "SELECT nombre, edad FROM usuarios WHERE edad > 25;" \>
[34m     |[39m [1m[31m                              ^[39m[0m
  [1m[32mhelp:[39m[0m use '=' to assign a value to a variable
[1m[31merror[39m[0m: unexpected token: String("SELECT nombre, edad FROM usuarios WHERE edad > 25;")
  [1m[34m-->[39m[0m tests/i18n/test_database.zy:52:33
[1m[34m  52[39m[0m [34m|[39m
[1m[34m  52[39m[0m [34m|[39m mayores = <\ sqlite3 {database} "SELECT nombre, edad FROM usuarios WHERE edad > 25;" \>
[34m     |[39m [1m[31m                                ^^^^^^^^^^^^^^^^^^^^^^^^^^^^^^^^^^^^^^^^^^^^^^^^^^^^[39m[0m
  [1m[32mhelp:[39m[0m expected statement (>>, <<, ?, ??, @, @!, @>, !?, <~, ¶, \\, or identifier)
[1m[31merror[39m[0m: unexpected token: BashClose
  [1m[34m-->[39m[0m tests/i18n/test_database.zy:52:86
[1m[34m  52[39m[0m [34m|[39m
[1m[34m  52[39m[0m [34m|[39m mayores = <\ sqlite3 {database} "SELECT nombre, edad FROM usuarios WHERE edad > 25;" \>
[34m     |[39m [1m[31m                                                                                     ^^[39m[0m
  [1m[32mhelp:[39m[0m expected statement (>>, <<, ?, ??, @, @!, @>, !?, <~, ¶, \\, or identifier)
[1m[31merror[39m[0m: expected expression, found LBrace
  [1m[34m-->[39m[0m tests/i18n/test_database.zy:66:20
[1m[34m  66[39m[0m [34m|[39m
[1m[34m  66[39m[0m [34m|[39m dummy = <\ rm "-f" {database} \>
[34m     |[39m [1m[31m                   ^[39m[0m
[1m[31merror[39m[0m: expected assignment operator (=, +=, -=, *=, /=, %=, ^=, ++, --)
  [1m[34m-->[39m[0m tests/i18n/test_database.zy:66:29
[1m[34m  66[39m[0m [34m|[39m
[1m[34m  66[39m[0m [34m|[39m dummy = <\ rm "-f" {database} \>
[34m     |[39m [1m[31m                            ^[39m[0m
  [1m[32mhelp:[39m[0m use '=' to assign a value to a variable
[1m[31merror[39m[0m: unexpected token: BashClose
  [1m[34m-->[39m[0m tests/i18n/test_database.zy:66:31
[1m[34m  66[39m[0m [34m|[39m
[1m[34m  66[39m[0m [34m|[39m dummy = <\ rm "-f" {database} \>
[34m     |[39m [1m[31m                              ^^[39m[0m
  [1m[32mhelp:[39m[0m expected statement (>>, <<, ?, ??, @, @!, @>, !?, <~, ¶, \\, or identifier)
