=== Zymbol Numeric v2 ===
N1_fib40_loop:      result=102334155  (****)
N2_digit_sum:       total=1000005  (****)
N3_primes_5k:       count=669  (****)
N4_modular_sq:      total=92300000  (****)
N5_fizzbuzz_1M:     fizz=266667 buzz=133334 fb=66666  (****)
N6_dot_product:     result=20845835000  (****)
=== Done (****) ===
